Determining if the pthread_create exist failed with the following output:
Change Dir: /home/lty/fsac_ws/build/CMakeFiles/CMakeTmp

Run Build Command:"/usr/bin/make" "cmTC_77b8b/fast"
/usr/bin/make -f CMakeFiles/cmTC_77b8b.dir/build.make CMakeFiles/cmTC_77b8b.dir/build
make[1]: 进入目录“/home/lty/fsac_ws/build/CMakeFiles/CMakeTmp”
Building C object CMakeFiles/cmTC_77b8b.dir/CheckSymbolExists.c.o
/usr/bin/cc    -o CMakeFiles/cmTC_77b8b.dir/CheckSymbolExists.c.o   -c /home/lty/fsac_ws/build/CMakeFiles/CMakeTmp/CheckSymbolExists.c
Linking C executable cmTC_77b8b
/usr/bin/cmake -E cmake_link_script CMakeFiles/cmTC_77b8b.dir/link.txt --verbose=1
/usr/bin/cc      -rdynamic CMakeFiles/cmTC_77b8b.dir/CheckSymbolExists.c.o  -o cmTC_77b8b 
CMakeFiles/cmTC_77b8b.dir/CheckSymbolExists.c.o：在函数‘main’中：
CheckSymbolExists.c:(.text+0x1b)：对‘pthread_create’未定义的引用
collect2: error: ld returned 1 exit status
CMakeFiles/cmTC_77b8b.dir/build.make:97: recipe for target 'cmTC_77b8b' failed
make[1]: *** [cmTC_77b8b] Error 1
make[1]: 离开目录“/home/lty/fsac_ws/build/CMakeFiles/CMakeTmp”
Makefile:126: recipe for target 'cmTC_77b8b/fast' failed
make: *** [cmTC_77b8b/fast] Error 2

File /home/lty/fsac_ws/build/CMakeFiles/CMakeTmp/CheckSymbolExists.c:
/* */
#include <pthread.h>

int main(int argc, char** argv)
{
  (void)argv;
#ifndef pthread_create
  return ((int*)(&pthread_create))[argc];
#else
  (void)argc;
  return 0;
#endif
}

Determining if the function pthread_create exists in the pthreads failed with the following output:
Change Dir: /home/lty/fsac_ws/build/CMakeFiles/CMakeTmp

Run Build Command:"/usr/bin/make" "cmTC_5f8dd/fast"
/usr/bin/make -f CMakeFiles/cmTC_5f8dd.dir/build.make CMakeFiles/cmTC_5f8dd.dir/build
make[1]: 进入目录“/home/lty/fsac_ws/build/CMakeFiles/CMakeTmp”
Building C object CMakeFiles/cmTC_5f8dd.dir/CheckFunctionExists.c.o
/usr/bin/cc   -DCHECK_FUNCTION_EXISTS=pthread_create   -o CMakeFiles/cmTC_5f8dd.dir/CheckFunctionExists.c.o   -c /usr/share/cmake-3.10/Modules/CheckFunctionExists.c
Linking C executable cmTC_5f8dd
/usr/bin/cmake -E cmake_link_script CMakeFiles/cmTC_5f8dd.dir/link.txt --verbose=1
/usr/bin/cc  -DCHECK_FUNCTION_EXISTS=pthread_create    -rdynamic CMakeFiles/cmTC_5f8dd.dir/CheckFunctionExists.c.o  -o cmTC_5f8dd -lpthreads 
/usr/bin/ld: 找不到 -lpthreads
collect2: error: ld returned 1 exit status
CMakeFiles/cmTC_5f8dd.dir/build.make:97: recipe for target 'cmTC_5f8dd' failed
make[1]: *** [cmTC_5f8dd] Error 1
make[1]: 离开目录“/home/lty/fsac_ws/build/CMakeFiles/CMakeTmp”
Makefile:126: recipe for target 'cmTC_5f8dd/fast' failed
make: *** [cmTC_5f8dd/fast] Error 2


